python : C:\Users\Kaust\AppData\Local\Programs\Pytho
n\Python310\lib\site-packages\pytest_asyncio\plugin.
py:208: PytestDeprecationWarning: The configuration 
option "asyncio_default_fixture_loop_scope" is 
unset.
At line:1 char:1
+ python -m pytest tests/ > test_output.log 2>&1
+ ~~~~~~~~~~~~~~~~~~~~~~~~~~~~~~~~~~~~~~~~~~~~~~
    + CategoryInfo          : NotSpecified: (C:\Use 
   rs\Kaust\...cope" is unset.:String) [], RemoteE  
  xception
    + FullyQualifiedErrorId : NativeCommandError
 
The event loop scope for asynchronous fixtures will 
default to the fixture caching scope. Future 
versions of pytest-asyncio will default the loop 
scope for asynchronous fixtures to function scope. 
Set the default fixture loop scope explicitly in 
order to avoid unexpected behavior in the future. 
Valid fixture loop scopes are: "function", "class", 
"module", "package", "session"

  warnings.warn(PytestDeprecationWarning(_DEFAULT_FI
XTURE_LOOP_SCOPE_UNSET))
Windows fatal exception: access violation

Current thread 0x00004b04 (most recent call first):
  File "C:\Users\Kaust\AppData\Local\Programs\Python
\Python310\lib\site-packages\torch\__init__.py", 
line 256 in _load_dll_libraries
  File "C:\Users\Kaust\AppData\Local\Programs\Python
\Python310\lib\site-packages\torch\__init__.py", 
line 280 in <module>
  File "<frozen importlib._bootstrap>", line 241 in 
_call_with_frames_removed
  File "<frozen importlib._bootstrap_external>", 
line 883 in exec_module
  File "<frozen importlib._bootstrap>", line 688 in 
_load_unlocked
  File "<frozen importlib._bootstrap>", line 1006 
in _find_and_load_unlocked
  File "<frozen importlib._bootstrap>", line 1027 
in _find_and_load
  File "<frozen importlib._bootstrap>", line 241 in 
_call_with_frames_removed
  File "<frozen importlib._bootstrap>", line 992 in 
_find_and_load_unlocked
  File "<frozen importlib._bootstrap>", line 1027 
in _find_and_load
  File "<frozen importlib._bootstrap>", line 241 in 
_call_with_frames_removed
  File "<frozen importlib._bootstrap>", line 992 in 
_find_and_load_unlocked
  File "<frozen importlib._bootstrap>", line 1027 
in _find_and_load
  File "C:\Users\Kaust\AppData\Local\Programs\Python
\Python310\lib\site-packages\sentence_transformers\d
atasets\DenoisingAutoEncoderDataset.py", line 1 in 
<module>
  File "<frozen importlib._bootstrap>", line 241 in 
_call_with_frames_removed
  File "<frozen importlib._bootstrap_external>", 
line 883 in exec_module
  File "<frozen importlib._bootstrap>", line 688 in 
_load_unlocked
  File "<frozen importlib._bootstrap>", line 1006 
in _find_and_load_unlocked
  File "<frozen importlib._bootstrap>", line 1027 
in _find_and_load
  File "C:\Users\Kaust\AppData\Local\Programs\Python
\Python310\lib\site-packages\sentence_transformers\d
atasets\__init__.py", line 1 in <module>
  File "<frozen importlib._bootstrap>", line 241 in 
_call_with_frames_removed
  File "<frozen importlib._bootstrap_external>", 
line 883 in exec_module
  File "<frozen importlib._bootstrap>", line 688 in 
_load_unlocked
  File "<frozen importlib._bootstrap>", line 1006 
in _find_and_load_unlocked
  File "<frozen importlib._bootstrap>", line 1027 
in _find_and_load
  File "C:\Users\Kaust\AppData\Local\Programs\Python
\Python310\lib\site-packages\sentence_transformers\_
_init__.py", line 3 in <module>
  File "<frozen importlib._bootstrap>", line 241 in 
_call_with_frames_removed
  File "<frozen importlib._bootstrap_external>", 
line 883 in exec_module
  File "<frozen importlib._bootstrap>", line 688 in 
_load_unlocked
  File "<frozen importlib._bootstrap>", line 1006 
in _find_and_load_unlocked
  File "<frozen importlib._bootstrap>", line 1027 
in _find_and_load
  File "D:\Code\BioRAG\rag\query_processor.py", 
line 2 in <module>
  File "<frozen importlib._bootstrap>", line 241 in 
_call_with_frames_removed
  File "<frozen importlib._bootstrap_external>", 
line 883 in exec_module
  File "<frozen importlib._bootstrap>", line 688 in 
_load_unlocked
  File "<frozen importlib._bootstrap>", line 1006 
in _find_and_load_unlocked
  File "<frozen importlib._bootstrap>", line 1027 
in _find_and_load
  File "D:\Code\BioRAG\rag\biomedical_rag.py", line 
2 in <module>
  File "<frozen importlib._bootstrap>", line 241 in 
_call_with_frames_removed
  File "<frozen importlib._bootstrap_external>", 
line 883 in exec_module
  File "<frozen importlib._bootstrap>", line 688 in 
_load_unlocked
  File "<frozen importlib._bootstrap>", line 1006 
in _find_and_load_unlocked
  File "<frozen importlib._bootstrap>", line 1027 
in _find_and_load
  File "D:\Code\BioRAG\rag\__init__.py", line 5 in 
<module>
  File "<frozen importlib._bootstrap>", line 241 in 
_call_with_frames_removed
  File "<frozen importlib._bootstrap_external>", 
line 883 in exec_module
  File "<frozen importlib._bootstrap>", line 688 in 
_load_unlocked
  File "<frozen importlib._bootstrap>", line 1006 
in _find_and_load_unlocked
  File "<frozen importlib._bootstrap>", line 1027 
in _find_and_load
  File "<frozen importlib._bootstrap>", line 241 in 
_call_with_frames_removed
  File "<frozen importlib._bootstrap>", line 992 in 
_find_and_load_unlocked
  File "<frozen importlib._bootstrap>", line 1027 
in _find_and_load
  File "D:\Code\BioRAG\app\streamlit_app.py", line 
16 in <module>
  File "<frozen importlib._bootstrap>", line 241 in 
_call_with_frames_removed
  File "<frozen importlib._bootstrap_external>", 
line 883 in exec_module
  File "<frozen importlib._bootstrap>", line 688 in 
_load_unlocked
  File "<frozen importlib._bootstrap>", line 1006 
in _find_and_load_unlocked
  File "<frozen importlib._bootstrap>", line 1027 
in _find_and_load
  File 
"D:\Code\BioRAG\tests\test_app_components.py", line 
12 in <module>
  File "C:\Users\Kaust\AppData\Local\Programs\Python
\Python310\lib\site-packages\_pytest\assertion\rewri
te.py", line 184 in exec_module
  File "<frozen importlib._bootstrap>", line 688 in 
_load_unlocked
  File "<frozen importlib._bootstrap>", line 1006 
in _find_and_load_unlocked
  File "<frozen importlib._bootstrap>", line 1027 
in _find_and_load
  File "<frozen importlib._bootstrap>", line 1050 
in _gcd_import
  File "C:\Users\Kaust\AppData\Local\Programs\Python
\Python310\lib\importlib\__init__.py", line 126 in 
import_module
  File "C:\Users\Kaust\AppData\Local\Programs\Python
\Python310\lib\site-packages\_pytest\pathlib.py", 
line 582 in import_path
  File "C:\Users\Kaust\AppData\Local\Programs\Python
\Python310\lib\site-packages\_pytest\python.py", 
line 493 in importtestmodule
  File "C:\Users\Kaust\AppData\Local\Programs\Python
\Python310\lib\site-packages\_pytest\python.py", 
line 546 in _getobj
  File "C:\Users\Kaust\AppData\Local\Programs\Python
\Python310\lib\site-packages\_pytest\python.py", 
line 284 in obj
  File "C:\Users\Kaust\AppData\Local\Programs\Python
\Python310\lib\site-packages\pytest_asyncio\plugin.p
y", line 667 in _patched_collect
  File "C:\Users\Kaust\AppData\Local\Programs\Python
\Python310\lib\site-packages\_pytest\runner.py", 
line 389 in collect
  File "C:\Users\Kaust\AppData\Local\Programs\Python
\Python310\lib\site-packages\_pytest\runner.py", 
line 341 in from_call
  File "C:\Users\Kaust\AppData\Local\Programs\Python
\Python310\lib\site-packages\_pytest\runner.py", 
line 391 in pytest_make_collect_report
  File "C:\Users\Kaust\AppData\Local\Programs\Python
\Python310\lib\site-packages\pluggy\_callers.py", 
line 103 in _multicall
  File "C:\Users\Kaust\AppData\Local\Programs\Python
\Python310\lib\site-packages\pluggy\_manager.py", 
line 120 in _hookexec
  File "C:\Users\Kaust\AppData\Local\Programs\Python
\Python310\lib\site-packages\pluggy\_hooks.py", 
line 513 in __call__
  File "C:\Users\Kaust\AppData\Local\Programs\Python
\Python310\lib\site-packages\_pytest\runner.py", 
line 567 in collect_one_node
  File "C:\Users\Kaust\AppData\Local\Programs\Python
\Python310\lib\site-packages\_pytest\main.py", line 
835 in _collect_one_node
  File "C:\Users\Kaust\AppData\Local\Programs\Python
\Python310\lib\site-packages\_pytest\main.py", line 
970 in genitems
  File "C:\Users\Kaust\AppData\Local\Programs\Python
\Python310\lib\site-packages\_pytest\main.py", line 
975 in genitems
  File "C:\Users\Kaust\AppData\Local\Programs\Python
\Python310\lib\site-packages\_pytest\main.py", line 
809 in perform_collect
  File "C:\Users\Kaust\AppData\Local\Programs\Python
\Python310\lib\site-packages\_pytest\main.py", line 
347 in pytest_collection
  File "C:\Users\Kaust\AppData\Local\Programs\Python
\Python310\lib\site-packages\pluggy\_callers.py", 
line 103 in _multicall
  File "C:\Users\Kaust\AppData\Local\Programs\Python
\Python310\lib\site-packages\pluggy\_manager.py", 
line 120 in _hookexec
  File "C:\Users\Kaust\AppData\Local\Programs\Python
\Python310\lib\site-packages\pluggy\_hooks.py", 
line 513 in __call__
  File "C:\Users\Kaust\AppData\Local\Programs\Python
\Python310\lib\site-packages\_pytest\main.py", line 
336 in _main
  File "C:\Users\Kaust\AppData\Local\Programs\Python
\Python310\lib\site-packages\_pytest\main.py", line 
283 in wrap_session
  File "C:\Users\Kaust\AppData\Local\Programs\Python
\Python310\lib\site-packages\_pytest\main.py", line 
330 in pytest_cmdline_main
  File "C:\Users\Kaust\AppData\Local\Programs\Python
\Python310\lib\site-packages\pluggy\_callers.py", 
line 103 in _multicall
  File "C:\Users\Kaust\AppData\Local\Programs\Python
\Python310\lib\site-packages\pluggy\_manager.py", 
line 120 in _hookexec
  File "C:\Users\Kaust\AppData\Local\Programs\Python
\Python310\lib\site-packages\pluggy\_hooks.py", 
line 513 in __call__
  File "C:\Users\Kaust\AppData\Local\Programs\Python
\Python310\lib\site-packages\_pytest\config\__init__
.py", line 175 in main
  File "C:\Users\Kaust\AppData\Local\Programs\Python
\Python310\lib\site-packages\_pytest\config\__init__
.py", line 201 in console_main
  File "C:\Users\Kaust\AppData\Local\Programs\Python
\Python310\lib\site-packages\pytest\__main__.py", 
line 9 in <module>
  File "C:\Users\Kaust\AppData\Local\Programs\Python
\Python310\lib\runpy.py", line 86 in _run_code
  File "C:\Users\Kaust\AppData\Local\Programs\Python
\Python310\lib\runpy.py", line 196 in 
_run_module_as_main
Windows fatal exception: access violation

Current thread 0x00004b04 (most recent call first):
  File "C:\Users\Kaust\AppData\Local\Programs\Python
\Python310\lib\site-packages\torch\__init__.py", 
line 256 in _load_dll_libraries
  File "C:\Users\Kaust\AppData\Local\Programs\Python
\Python310\lib\site-packages\torch\__init__.py", 
line 280 in <module>
  File "<frozen importlib._bootstrap>", line 241 in 
_call_with_frames_removed
  File "<frozen importlib._bootstrap_external>", 
line 883 in exec_module
  File "<frozen importlib._bootstrap>", line 688 in 
_load_unlocked
  File "<frozen importlib._bootstrap>", line 1006 
in _find_and_load_unlocked
  File "<frozen importlib._bootstrap>", line 1027 
in _find_and_load
  File "<frozen importlib._bootstrap>", line 241 in 
_call_with_frames_removed
  File "<frozen importlib._bootstrap>", line 992 in 
_find_and_load_unlocked
  File "<frozen importlib._bootstrap>", line 1027 
in _find_and_load
  File "<frozen importlib._bootstrap>", line 241 in 
_call_with_frames_removed
  File "<frozen importlib._bootstrap>", line 992 in 
_find_and_load_unlocked
  File "<frozen importlib._bootstrap>", line 1027 
in _find_and_load
  File "C:\Users\Kaust\AppData\Local\Programs\Python
\Python310\lib\site-packages\sentence_transformers\d
atasets\DenoisingAutoEncoderDataset.py", line 1 in 
<module>
  File "<frozen importlib._bootstrap>", line 241 in 
_call_with_frames_removed
  File "<frozen importlib._bootstrap_external>", 
line 883 in exec_module
  File "<frozen importlib._bootstrap>", line 688 in 
_load_unlocked
  File "<frozen importlib._bootstrap>", line 1006 
in _find_and_load_unlocked
  File "<frozen importlib._bootstrap>", line 1027 
in _find_and_load
  File "C:\Users\Kaust\AppData\Local\Programs\Python
\Python310\lib\site-packages\sentence_transformers\d
atasets\__init__.py", line 1 in <module>
  File "<frozen importlib._bootstrap>", line 241 in 
_call_with_frames_removed
  File "<frozen importlib._bootstrap_external>", 
line 883 in exec_module
  File "<frozen importlib._bootstrap>", line 688 in 
_load_unlocked
  File "<frozen importlib._bootstrap>", line 1006 
in _find_and_load_unlocked
  File "<frozen importlib._bootstrap>", line 1027 
in _find_and_load
  File "C:\Users\Kaust\AppData\Local\Programs\Python
\Python310\lib\site-packages\sentence_transformers\_
_init__.py", line 3 in <module>
  File "<frozen importlib._bootstrap>", line 241 in 
_call_with_frames_removed
  File "<frozen importlib._bootstrap_external>", 
line 883 in exec_module
  File "<frozen importlib._bootstrap>", line 688 in 
_load_unlocked
  File "<frozen importlib._bootstrap>", line 1006 
in _find_and_load_unlocked
  File "<frozen importlib._bootstrap>", line 1027 
in _find_and_load
  File "D:\Code\BioRAG\rag\query_processor.py", 
line 2 in <module>
  File "<frozen importlib._bootstrap>", line 241 in 
_call_with_frames_removed
  File "<frozen importlib._bootstrap_external>", 
line 883 in exec_module
  File "<frozen importlib._bootstrap>", line 688 in 
_load_unlocked
  File "<frozen importlib._bootstrap>", line 1006 
in _find_and_load_unlocked
  File "<frozen importlib._bootstrap>", line 1027 
in _find_and_load
  File "D:\Code\BioRAG\rag\biomedical_rag.py", line 
2 in <module>
  File "<frozen importlib._bootstrap>", line 241 in 
_call_with_frames_removed
  File "<frozen importlib._bootstrap_external>", 
line 883 in exec_module
  File "<frozen importlib._bootstrap>", line 688 in 
_load_unlocked
  File "<frozen importlib._bootstrap>", line 1006 
in _find_and_load_unlocked
  File "<frozen importlib._bootstrap>", line 1027 
in _find_and_load
  File "D:\Code\BioRAG\rag\__init__.py", line 5 in 
<module>
  File "<frozen importlib._bootstrap>", line 241 in 
_call_with_frames_removed
  File "<frozen importlib._bootstrap_external>", 
line 883 in exec_module
  File "<frozen importlib._bootstrap>", line 688 in 
_load_unlocked
  File "<frozen importlib._bootstrap>", line 1006 
in _find_and_load_unlocked
  File "<frozen importlib._bootstrap>", line 1027 
in _find_and_load
  File "<frozen importlib._bootstrap>", line 241 in 
_call_with_frames_removed
  File "<frozen importlib._bootstrap>", line 992 in 
_find_and_load_unlocked
  File "<frozen importlib._bootstrap>", line 1027 
in _find_and_load
  File "D:\Code\BioRAG\tests\test_edge_cases.py", 
line 11 in <module>
  File "C:\Users\Kaust\AppData\Local\Programs\Python
\Python310\lib\site-packages\_pytest\assertion\rewri
te.py", line 184 in exec_module
  File "<frozen importlib._bootstrap>", line 688 in 
_load_unlocked
  File "<frozen importlib._bootstrap>", line 1006 
in _find_and_load_unlocked
  File "<frozen importlib._bootstrap>", line 1027 
in _find_and_load
  File "<frozen importlib._bootstrap>", line 1050 
in _gcd_import
  File "C:\Users\Kaust\AppData\Local\Programs\Python
\Python310\lib\importlib\__init__.py", line 126 in 
import_module
  File "C:\Users\Kaust\AppData\Local\Programs\Python
\Python310\lib\site-packages\_pytest\pathlib.py", 
line 582 in import_path
  File "C:\Users\Kaust\AppData\Local\Programs\Python
\Python310\lib\site-packages\_pytest\python.py", 
line 493 in importtestmodule
  File "C:\Users\Kaust\AppData\Local\Programs\Python
\Python310\lib\site-packages\_pytest\python.py", 
line 546 in _getobj
  File "C:\Users\Kaust\AppData\Local\Programs\Python
\Python310\lib\site-packages\_pytest\python.py", 
line 284 in obj
  File "C:\Users\Kaust\AppData\Local\Programs\Python
\Python310\lib\site-packages\pytest_asyncio\plugin.p
y", line 667 in _patched_collect
  File "C:\Users\Kaust\AppData\Local\Programs\Python
\Python310\lib\site-packages\_pytest\runner.py", 
line 389 in collect
  File "C:\Users\Kaust\AppData\Local\Programs\Python
\Python310\lib\site-packages\_pytest\runner.py", 
line 341 in from_call
  File "C:\Users\Kaust\AppData\Local\Programs\Python
\Python310\lib\site-packages\_pytest\runner.py", 
line 391 in pytest_make_collect_report
  File "C:\Users\Kaust\AppData\Local\Programs\Python
\Python310\lib\site-packages\pluggy\_callers.py", 
line 103 in _multicall
  File "C:\Users\Kaust\AppData\Local\Programs\Python
\Python310\lib\site-packages\pluggy\_manager.py", 
line 120 in _hookexec
  File "C:\Users\Kaust\AppData\Local\Programs\Python
\Python310\lib\site-packages\pluggy\_hooks.py", 
line 513 in __call__
  File "C:\Users\Kaust\AppData\Local\Programs\Python
\Python310\lib\site-packages\_pytest\runner.py", 
line 567 in collect_one_node
  File "C:\Users\Kaust\AppData\Local\Programs\Python
\Python310\lib\site-packages\_pytest\main.py", line 
835 in _collect_one_node
  File "C:\Users\Kaust\AppData\Local\Programs\Python
\Python310\lib\site-packages\_pytest\main.py", line 
970 in genitems
  File "C:\Users\Kaust\AppData\Local\Programs\Python
\Python310\lib\site-packages\_pytest\main.py", line 
975 in genitems
  File "C:\Users\Kaust\AppData\Local\Programs\Python
\Python310\lib\site-packages\_pytest\main.py", line 
809 in perform_collect
  File "C:\Users\Kaust\AppData\Local\Programs\Python
\Python310\lib\site-packages\_pytest\main.py", line 
347 in pytest_collection
  File "C:\Users\Kaust\AppData\Local\Programs\Python
\Python310\lib\site-packages\pluggy\_callers.py", 
line 103 in _multicall
  File "C:\Users\Kaust\AppData\Local\Programs\Python
\Python310\lib\site-packages\pluggy\_manager.py", 
line 120 in _hookexec
  File "C:\Users\Kaust\AppData\Local\Programs\Python
\Python310\lib\site-packages\pluggy\_hooks.py", 
line 513 in __call__
  File "C:\Users\Kaust\AppData\Local\Programs\Python
\Python310\lib\site-packages\_pytest\main.py", line 
336 in _main
  File "C:\Users\Kaust\AppData\Local\Programs\Python
\Python310\lib\site-packages\_pytest\main.py", line 
283 in wrap_session
  File "C:\Users\Kaust\AppData\Local\Programs\Python
\Python310\lib\site-packages\_pytest\main.py", line 
330 in pytest_cmdline_main
  File "C:\Users\Kaust\AppData\Local\Programs\Python
\Python310\lib\site-packages\pluggy\_callers.py", 
line 103 in _multicall
  File "C:\Users\Kaust\AppData\Local\Programs\Python
\Python310\lib\site-packages\pluggy\_manager.py", 
line 120 in _hookexec
  File "C:\Users\Kaust\AppData\Local\Programs\Python
\Python310\lib\site-packages\pluggy\_hooks.py", 
line 513 in __call__
  File "C:\Users\Kaust\AppData\Local\Programs\Python
\Python310\lib\site-packages\_pytest\config\__init__
.py", line 175 in main
  File "C:\Users\Kaust\AppData\Local\Programs\Python
\Python310\lib\site-packages\_pytest\config\__init__
.py", line 201 in console_main
  File "C:\Users\Kaust\AppData\Local\Programs\Python
\Python310\lib\site-packages\pytest\__main__.py", 
line 9 in <module>
  File "C:\Users\Kaust\AppData\Local\Programs\Python
\Python310\lib\runpy.py", line 86 in _run_code
  File "C:\Users\Kaust\AppData\Local\Programs\Python
\Python310\lib\runpy.py", line 196 in 
_run_module_as_main
Windows fatal exception: access violation

Current thread 0x00004b04 (most recent call first):
  File "C:\Users\Kaust\AppData\Local\Programs\Python
\Python310\lib\site-packages\torch\__init__.py", 
line 256 in _load_dll_libraries
  File "C:\Users\Kaust\AppData\Local\Programs\Python
\Python310\lib\site-packages\torch\__init__.py", 
line 280 in <module>
  File "<frozen importlib._bootstrap>", line 241 in 
_call_with_frames_removed
  File "<frozen importlib._bootstrap_external>", 
line 883 in exec_module
  File "<frozen importlib._bootstrap>", line 688 in 
_load_unlocked
  File "<frozen importlib._bootstrap>", line 1006 
in _find_and_load_unlocked
  File "<frozen importlib._bootstrap>", line 1027 
in _find_and_load
  File "<frozen importlib._bootstrap>", line 241 in 
_call_with_frames_removed
  File "<frozen importlib._bootstrap>", line 992 in 
_find_and_load_unlocked
  File "<frozen importlib._bootstrap>", line 1027 
in _find_and_load
  File "<frozen importlib._bootstrap>", line 241 in 
_call_with_frames_removed
  File "<frozen importlib._bootstrap>", line 992 in 
_find_and_load_unlocked
  File "<frozen importlib._bootstrap>", line 1027 
in _find_and_load
  File "C:\Users\Kaust\AppData\Local\Programs\Python
\Python310\lib\site-packages\sentence_transformers\d
atasets\DenoisingAutoEncoderDataset.py", line 1 in 
<module>
  File "<frozen importlib._bootstrap>", line 241 in 
_call_with_frames_removed
  File "<frozen importlib._bootstrap_external>", 
line 883 in exec_module
  File "<frozen importlib._bootstrap>", line 688 in 
_load_unlocked
  File "<frozen importlib._bootstrap>", line 1006 
in _find_and_load_unlocked
  File "<frozen importlib._bootstrap>", line 1027 
in _find_and_load
  File "C:\Users\Kaust\AppData\Local\Programs\Python
\Python310\lib\site-packages\sentence_transformers\d
atasets\__init__.py", line 1 in <module>
  File "<frozen importlib._bootstrap>", line 241 in 
_call_with_frames_removed
  File "<frozen importlib._bootstrap_external>", 
line 883 in exec_module
  File "<frozen importlib._bootstrap>", line 688 in 
_load_unlocked
  File "<frozen importlib._bootstrap>", line 1006 
in _find_and_load_unlocked
  File "<frozen importlib._bootstrap>", line 1027 
in _find_and_load
  File "C:\Users\Kaust\AppData\Local\Programs\Python
\Python310\lib\site-packages\sentence_transformers\_
_init__.py", line 3 in <module>
  File "<frozen importlib._bootstrap>", line 241 in 
_call_with_frames_removed
  File "<frozen importlib._bootstrap_external>", 
line 883 in exec_module
  File "<frozen importlib._bootstrap>", line 688 in 
_load_unlocked
  File "<frozen importlib._bootstrap>", line 1006 
in _find_and_load_unlocked
  File "<frozen importlib._bootstrap>", line 1027 
in _find_and_load
  File "D:\Code\BioRAG\rag\query_processor.py", 
line 2 in <module>
  File "<frozen importlib._bootstrap>", line 241 in 
_call_with_frames_removed
  File "<frozen importlib._bootstrap_external>", 
line 883 in exec_module
  File "<frozen importlib._bootstrap>", line 688 in 
_load_unlocked
  File "<frozen importlib._bootstrap>", line 1006 
in _find_and_load_unlocked
  File "<frozen importlib._bootstrap>", line 1027 
in _find_and_load
  File "D:\Code\BioRAG\rag\biomedical_rag.py", line 
2 in <module>
  File "<frozen importlib._bootstrap>", line 241 in 
_call_with_frames_removed
  File "<frozen importlib._bootstrap_external>", 
line 883 in exec_module
  File "<frozen importlib._bootstrap>", line 688 in 
_load_unlocked
  File "<frozen importlib._bootstrap>", line 1006 
in _find_and_load_unlocked
  File "<frozen importlib._bootstrap>", line 1027 
in _find_and_load
  File "D:\Code\BioRAG\rag\__init__.py", line 5 in 
<module>
  File "<frozen importlib._bootstrap>", line 241 in 
_call_with_frames_removed
  File "<frozen importlib._bootstrap_external>", 
line 883 in exec_module
  File "<frozen importlib._bootstrap>", line 688 in 
_load_unlocked
  File "<frozen importlib._bootstrap>", line 1006 
in _find_and_load_unlocked
  File "<frozen importlib._bootstrap>", line 1027 
in _find_and_load
  File "<frozen importlib._bootstrap>", line 241 in 
_call_with_frames_removed
  File "<frozen importlib._bootstrap>", line 992 in 
_find_and_load_unlocked
  File "<frozen importlib._bootstrap>", line 1027 
in _find_and_load
  File "D:\Code\BioRAG\tests\test_performance.py", 
line 13 in <module>
  File "C:\Users\Kaust\AppData\Local\Programs\Python
\Python310\lib\site-packages\_pytest\assertion\rewri
te.py", line 184 in exec_module
  File "<frozen importlib._bootstrap>", line 688 in 
_load_unlocked
  File "<frozen importlib._bootstrap>", line 1006 
in _find_and_load_unlocked
  File "<frozen importlib._bootstrap>", line 1027 
in _find_and_load
  File "<frozen importlib._bootstrap>", line 1050 
in _gcd_import
  File "C:\Users\Kaust\AppData\Local\Programs\Python
\Python310\lib\importlib\__init__.py", line 126 in 
import_module
  File "C:\Users\Kaust\AppData\Local\Programs\Python
\Python310\lib\site-packages\_pytest\pathlib.py", 
line 582 in import_path
  File "C:\Users\Kaust\AppData\Local\Programs\Python
\Python310\lib\site-packages\_pytest\python.py", 
line 493 in importtestmodule
  File "C:\Users\Kaust\AppData\Local\Programs\Python
\Python310\lib\site-packages\_pytest\python.py", 
line 546 in _getobj
  File "C:\Users\Kaust\AppData\Local\Programs\Python
\Python310\lib\site-packages\_pytest\python.py", 
line 284 in obj
  File "C:\Users\Kaust\AppData\Local\Programs\Python
\Python310\lib\site-packages\pytest_asyncio\plugin.p
y", line 667 in _patched_collect
  File "C:\Users\Kaust\AppData\Local\Programs\Python
\Python310\lib\site-packages\_pytest\runner.py", 
line 389 in collect
  File "C:\Users\Kaust\AppData\Local\Programs\Python
\Python310\lib\site-packages\_pytest\runner.py", 
line 341 in from_call
  File "C:\Users\Kaust\AppData\Local\Programs\Python
\Python310\lib\site-packages\_pytest\runner.py", 
line 391 in pytest_make_collect_report
  File "C:\Users\Kaust\AppData\Local\Programs\Python
\Python310\lib\site-packages\pluggy\_callers.py", 
line 103 in _multicall
  File "C:\Users\Kaust\AppData\Local\Programs\Python
\Python310\lib\site-packages\pluggy\_manager.py", 
line 120 in _hookexec
  File "C:\Users\Kaust\AppData\Local\Programs\Python
\Python310\lib\site-packages\pluggy\_hooks.py", 
line 513 in __call__
  File "C:\Users\Kaust\AppData\Local\Programs\Python
\Python310\lib\site-packages\_pytest\runner.py", 
line 567 in collect_one_node
  File "C:\Users\Kaust\AppData\Local\Programs\Python
\Python310\lib\site-packages\_pytest\main.py", line 
835 in _collect_one_node
  File "C:\Users\Kaust\AppData\Local\Programs\Python
\Python310\lib\site-packages\_pytest\main.py", line 
970 in genitems
  File "C:\Users\Kaust\AppData\Local\Programs\Python
\Python310\lib\site-packages\_pytest\main.py", line 
975 in genitems
  File "C:\Users\Kaust\AppData\Local\Programs\Python
\Python310\lib\site-packages\_pytest\main.py", line 
809 in perform_collect
  File "C:\Users\Kaust\AppData\Local\Programs\Python
\Python310\lib\site-packages\_pytest\main.py", line 
347 in pytest_collection
  File "C:\Users\Kaust\AppData\Local\Programs\Python
\Python310\lib\site-packages\pluggy\_callers.py", 
line 103 in _multicall
  File "C:\Users\Kaust\AppData\Local\Programs\Python
\Python310\lib\site-packages\pluggy\_manager.py", 
line 120 in _hookexec
  File "C:\Users\Kaust\AppData\Local\Programs\Python
\Python310\lib\site-packages\pluggy\_hooks.py", 
line 513 in __call__
  File "C:\Users\Kaust\AppData\Local\Programs\Python
\Python310\lib\site-packages\_pytest\main.py", line 
336 in _main
  File "C:\Users\Kaust\AppData\Local\Programs\Python
\Python310\lib\site-packages\_pytest\main.py", line 
283 in wrap_session
  File "C:\Users\Kaust\AppData\Local\Programs\Python
\Python310\lib\site-packages\_pytest\main.py", line 
330 in pytest_cmdline_main
  File "C:\Users\Kaust\AppData\Local\Programs\Python
\Python310\lib\site-packages\pluggy\_callers.py", 
line 103 in _multicall
  File "C:\Users\Kaust\AppData\Local\Programs\Python
\Python310\lib\site-packages\pluggy\_manager.py", 
line 120 in _hookexec
  File "C:\Users\Kaust\AppData\Local\Programs\Python
\Python310\lib\site-packages\pluggy\_hooks.py", 
line 513 in __call__
  File "C:\Users\Kaust\AppData\Local\Programs\Python
\Python310\lib\site-packages\_pytest\config\__init__
.py", line 175 in main
  File "C:\Users\Kaust\AppData\Local\Programs\Python
\Python310\lib\site-packages\_pytest\config\__init__
.py", line 201 in console_main
  File "C:\Users\Kaust\AppData\Local\Programs\Python
\Python310\lib\site-packages\pytest\__main__.py", 
line 9 in <module>
  File "C:\Users\Kaust\AppData\Local\Programs\Python
\Python310\lib\runpy.py", line 86 in _run_code
  File "C:\Users\Kaust\AppData\Local\Programs\Python
\Python310\lib\runpy.py", line 196 in 
_run_module_as_main
Windows fatal exception: access violation

Current thread 0x00004b04 (most recent call first):
  File "C:\Users\Kaust\AppData\Local\Programs\Python
\Python310\lib\site-packages\torch\__init__.py", 
line 256 in _load_dll_libraries
  File "C:\Users\Kaust\AppData\Local\Programs\Python
\Python310\lib\site-packages\torch\__init__.py", 
line 280 in <module>
  File "<frozen importlib._bootstrap>", line 241 in 
_call_with_frames_removed
  File "<frozen importlib._bootstrap_external>", 
line 883 in exec_module
  File "<frozen importlib._bootstrap>", line 688 in 
_load_unlocked
  File "<frozen importlib._bootstrap>", line 1006 
in _find_and_load_unlocked
  File "<frozen importlib._bootstrap>", line 1027 
in _find_and_load
  File "<frozen importlib._bootstrap>", line 241 in 
_call_with_frames_removed
  File "<frozen importlib._bootstrap>", line 992 in 
_find_and_load_unlocked
  File "<frozen importlib._bootstrap>", line 1027 
in _find_and_load
  File "<frozen importlib._bootstrap>", line 241 in 
_call_with_frames_removed
  File "<frozen importlib._bootstrap>", line 992 in 
_find_and_load_unlocked
  File "<frozen importlib._bootstrap>", line 1027 
in _find_and_load
  File "C:\Users\Kaust\AppData\Local\Programs\Python
\Python310\lib\site-packages\sentence_transformers\d
atasets\DenoisingAutoEncoderDataset.py", line 1 in 
<module>
  File "<frozen importlib._bootstrap>", line 241 in 
_call_with_frames_removed
  File "<frozen importlib._bootstrap_external>", 
line 883 in exec_module
  File "<frozen importlib._bootstrap>", line 688 in 
_load_unlocked
  File "<frozen importlib._bootstrap>", line 1006 
in _find_and_load_unlocked
  File "<frozen importlib._bootstrap>", line 1027 
in _find_and_load
  File "C:\Users\Kaust\AppData\Local\Programs\Python
\Python310\lib\site-packages\sentence_transformers\d
atasets\__init__.py", line 1 in <module>
  File "<frozen importlib._bootstrap>", line 241 in 
_call_with_frames_removed
  File "<frozen importlib._bootstrap_external>", 
line 883 in exec_module
  File "<frozen importlib._bootstrap>", line 688 in 
_load_unlocked
  File "<frozen importlib._bootstrap>", line 1006 
in _find_and_load_unlocked
  File "<frozen importlib._bootstrap>", line 1027 
in _find_and_load
  File "C:\Users\Kaust\AppData\Local\Programs\Python
\Python310\lib\site-packages\sentence_transformers\_
_init__.py", line 3 in <module>
  File "<frozen importlib._bootstrap>", line 241 in 
_call_with_frames_removed
  File "<frozen importlib._bootstrap_external>", 
line 883 in exec_module
  File "<frozen importlib._bootstrap>", line 688 in 
_load_unlocked
  File "<frozen importlib._bootstrap>", line 1006 
in _find_and_load_unlocked
  File "<frozen importlib._bootstrap>", line 1027 
in _find_and_load
  File "D:\Code\BioRAG\rag\query_processor.py", 
line 2 in <module>
  File "<frozen importlib._bootstrap>", line 241 in 
_call_with_frames_removed
  File "<frozen importlib._bootstrap_external>", 
line 883 in exec_module
  File "<frozen importlib._bootstrap>", line 688 in 
_load_unlocked
  File "<frozen importlib._bootstrap>", line 1006 
in _find_and_load_unlocked
  File "<frozen importlib._bootstrap>", line 1027 
in _find_and_load
  File "D:\Code\BioRAG\rag\biomedical_rag.py", line 
2 in <module>
  File "<frozen importlib._bootstrap>", line 241 in 
_call_with_frames_removed
  File "<frozen importlib._bootstrap_external>", 
line 883 in exec_module
  File "<frozen importlib._bootstrap>", line 688 in 
_load_unlocked
  File "<frozen importlib._bootstrap>", line 1006 
in _find_and_load_unlocked
  File "<frozen importlib._bootstrap>", line 1027 
in _find_and_load
  File "D:\Code\BioRAG\rag\__init__.py", line 5 in 
<module>
  File "<frozen importlib._bootstrap>", line 241 in 
_call_with_frames_removed
  File "<frozen importlib._bootstrap_external>", 
line 883 in exec_module
  File "<frozen importlib._bootstrap>", line 688 in 
_load_unlocked
  File "<frozen importlib._bootstrap>", line 1006 
in _find_and_load_unlocked
  File "<frozen importlib._bootstrap>", line 1027 
in _find_and_load
  File "<frozen importlib._bootstrap>", line 241 in 
_call_with_frames_removed
  File "<frozen importlib._bootstrap>", line 992 in 
_find_and_load_unlocked
  File "<frozen importlib._bootstrap>", line 1027 
in _find_and_load
  File "D:\Code\BioRAG\tests\test_rag_system.py", 
line 9 in <module>
  File "C:\Users\Kaust\AppData\Local\Programs\Python
\Python310\lib\site-packages\_pytest\assertion\rewri
te.py", line 184 in exec_module
  File "<frozen importlib._bootstrap>", line 688 in 
_load_unlocked
  File "<frozen importlib._bootstrap>", line 1006 
in _find_and_load_unlocked
  File "<frozen importlib._bootstrap>", line 1027 
in _find_and_load
  File "<frozen importlib._bootstrap>", line 1050 
in _gcd_import
  File "C:\Users\Kaust\AppData\Local\Programs\Python
\Python310\lib\importlib\__init__.py", line 126 in 
import_module
  File "C:\Users\Kaust\AppData\Local\Programs\Python
\Python310\lib\site-packages\_pytest\pathlib.py", 
line 582 in import_path
  File "C:\Users\Kaust\AppData\Local\Programs\Python
\Python310\lib\site-packages\_pytest\python.py", 
line 493 in importtestmodule
  File "C:\Users\Kaust\AppData\Local\Programs\Python
\Python310\lib\site-packages\_pytest\python.py", 
line 546 in _getobj
  File "C:\Users\Kaust\AppData\Local\Programs\Python
\Python310\lib\site-packages\_pytest\python.py", 
line 284 in obj
  File "C:\Users\Kaust\AppData\Local\Programs\Python
\Python310\lib\site-packages\pytest_asyncio\plugin.p
y", line 667 in _patched_collect
  File "C:\Users\Kaust\AppData\Local\Programs\Python
\Python310\lib\site-packages\_pytest\runner.py", 
line 389 in collect
  File "C:\Users\Kaust\AppData\Local\Programs\Python
\Python310\lib\site-packages\_pytest\runner.py", 
line 341 in from_call
  File "C:\Users\Kaust\AppData\Local\Programs\Python
\Python310\lib\site-packages\_pytest\runner.py", 
line 391 in pytest_make_collect_report
  File "C:\Users\Kaust\AppData\Local\Programs\Python
\Python310\lib\site-packages\pluggy\_callers.py", 
line 103 in _multicall
  File "C:\Users\Kaust\AppData\Local\Programs\Python
\Python310\lib\site-packages\pluggy\_manager.py", 
line 120 in _hookexec
  File "C:\Users\Kaust\AppData\Local\Programs\Python
\Python310\lib\site-packages\pluggy\_hooks.py", 
line 513 in __call__
  File "C:\Users\Kaust\AppData\Local\Programs\Python
\Python310\lib\site-packages\_pytest\runner.py", 
line 567 in collect_one_node
  File "C:\Users\Kaust\AppData\Local\Programs\Python
\Python310\lib\site-packages\_pytest\main.py", line 
835 in _collect_one_node
  File "C:\Users\Kaust\AppData\Local\Programs\Python
\Python310\lib\site-packages\_pytest\main.py", line 
970 in genitems
  File "C:\Users\Kaust\AppData\Local\Programs\Python
\Python310\lib\site-packages\_pytest\main.py", line 
975 in genitems
  File "C:\Users\Kaust\AppData\Local\Programs\Python
\Python310\lib\site-packages\_pytest\main.py", line 
809 in perform_collect
  File "C:\Users\Kaust\AppData\Local\Programs\Python
\Python310\lib\site-packages\_pytest\main.py", line 
347 in pytest_collection
  File "C:\Users\Kaust\AppData\Local\Programs\Python
\Python310\lib\site-packages\pluggy\_callers.py", 
line 103 in _multicall
  File "C:\Users\Kaust\AppData\Local\Programs\Python
\Python310\lib\site-packages\pluggy\_manager.py", 
line 120 in _hookexec
  File "C:\Users\Kaust\AppData\Local\Programs\Python
\Python310\lib\site-packages\pluggy\_hooks.py", 
line 513 in __call__
  File "C:\Users\Kaust\AppData\Local\Programs\Python
\Python310\lib\site-packages\_pytest\main.py", line 
336 in _main
  File "C:\Users\Kaust\AppData\Local\Programs\Python
\Python310\lib\site-packages\_pytest\main.py", line 
283 in wrap_session
  File "C:\Users\Kaust\AppData\Local\Programs\Python
\Python310\lib\site-packages\_pytest\main.py", line 
330 in pytest_cmdline_main
  File "C:\Users\Kaust\AppData\Local\Programs\Python
\Python310\lib\site-packages\pluggy\_callers.py", 
line 103 in _multicall
  File "C:\Users\Kaust\AppData\Local\Programs\Python
\Python310\lib\site-packages\pluggy\_manager.py", 
line 120 in _hookexec
  File "C:\Users\Kaust\AppData\Local\Programs\Python
\Python310\lib\site-packages\pluggy\_hooks.py", 
line 513 in __call__
  File "C:\Users\Kaust\AppData\Local\Programs\Python
\Python310\lib\site-packages\_pytest\config\__init__
.py", line 175 in main
  File "C:\Users\Kaust\AppData\Local\Programs\Python
\Python310\lib\site-packages\_pytest\config\__init__
.py", line 201 in console_main
  File "C:\Users\Kaust\AppData\Local\Programs\Python
\Python310\lib\site-packages\pytest\__main__.py", 
line 9 in <module>
  File "C:\Users\Kaust\AppData\Local\Programs\Python
\Python310\lib\runpy.py", line 86 in _run_code
  File "C:\Users\Kaust\AppData\Local\Programs\Python
\Python310\lib\runpy.py", line 196 in 
_run_module_as_main
============================= test session starts =============================
platform win32 -- Python 3.10.11, pytest-8.3.3, pluggy-1.5.0
rootdir: D:\Code\BioRAG
configfile: pytest.ini
plugins: anyio-3.7.1, asyncio-0.24.0, cov-6.0.0, html-4.1.1, metadata-3.1.1, mock-3.12.0
asyncio: mode=strict, default_loop_scope=None
collected 17 items / 4 errors

=================================== ERRORS ====================================
________________ ERROR collecting tests/test_app_components.py ________________
tests\test_app_components.py:12: in <module>
    from app.streamlit_app import initialize_system, create_interactive_graph
app\streamlit_app.py:16: in <module>
    from rag.biomedical_rag import BiomedicalRAG
rag\__init__.py:5: in <module>
    from .biomedical_rag import BiomedicalRAG
rag\biomedical_rag.py:2: in <module>
    from rag.query_processor import QueryProcessor
rag\query_processor.py:2: in <module>
    from sentence_transformers import SentenceTransformer
C:\Users\Kaust\AppData\Local\Programs\Python\Python310\lib\site-packages\sentence_transformers\__init__.py:3: in <module>
    from .datasets import SentencesDataset, ParallelSentencesDataset
C:\Users\Kaust\AppData\Local\Programs\Python\Python310\lib\site-packages\sentence_transformers\datasets\__init__.py:1: in <module>
    from .DenoisingAutoEncoderDataset import DenoisingAutoEncoderDataset
C:\Users\Kaust\AppData\Local\Programs\Python\Python310\lib\site-packages\sentence_transformers\datasets\DenoisingAutoEncoderDataset.py:1: in <module>
    from torch.utils.data import Dataset
C:\Users\Kaust\AppData\Local\Programs\Python\Python310\lib\site-packages\torch\__init__.py:280: in <module>
    _load_dll_libraries()
C:\Users\Kaust\AppData\Local\Programs\Python\Python310\lib\site-packages\torch\__init__.py:263: in _load_dll_libraries
    raise err
E   OSError: [WinError 1114] A dynamic link library (DLL) initialization routine failed. Error loading "C:\Users\Kaust\AppData\Local\Programs\Python\Python310\lib\site-packages\torch\lib\c10.dll" or one of its dependencies.
__________________ ERROR collecting tests/test_edge_cases.py __________________
tests\test_edge_cases.py:11: in <module>
    from rag.biomedical_rag import BiomedicalRAG
rag\__init__.py:5: in <module>
    from .biomedical_rag import BiomedicalRAG
rag\biomedical_rag.py:2: in <module>
    from rag.query_processor import QueryProcessor
rag\query_processor.py:2: in <module>
    from sentence_transformers import SentenceTransformer
C:\Users\Kaust\AppData\Local\Programs\Python\Python310\lib\site-packages\sentence_transformers\__init__.py:3: in <module>
    from .datasets import SentencesDataset, ParallelSentencesDataset
C:\Users\Kaust\AppData\Local\Programs\Python\Python310\lib\site-packages\sentence_transformers\datasets\__init__.py:1: in <module>
    from .DenoisingAutoEncoderDataset import DenoisingAutoEncoderDataset
C:\Users\Kaust\AppData\Local\Programs\Python\Python310\lib\site-packages\sentence_transformers\datasets\DenoisingAutoEncoderDataset.py:1: in <module>
    from torch.utils.data import Dataset
C:\Users\Kaust\AppData\Local\Programs\Python\Python310\lib\site-packages\torch\__init__.py:280: in <module>
    _load_dll_libraries()
C:\Users\Kaust\AppData\Local\Programs\Python\Python310\lib\site-packages\torch\__init__.py:263: in _load_dll_libraries
    raise err
E   OSError: [WinError 1114] A dynamic link library (DLL) initialization routine failed. Error loading "C:\Users\Kaust\AppData\Local\Programs\Python\Python310\lib\site-packages\torch\lib\c10.dll" or one of its dependencies.
_________________ ERROR collecting tests/test_performance.py __________________
tests\test_performance.py:13: in <module>
    from rag.biomedical_rag import BiomedicalRAG
rag\__init__.py:5: in <module>
    from .biomedical_rag import BiomedicalRAG
rag\biomedical_rag.py:2: in <module>
    from rag.query_processor import QueryProcessor
rag\query_processor.py:2: in <module>
    from sentence_transformers import SentenceTransformer
C:\Users\Kaust\AppData\Local\Programs\Python\Python310\lib\site-packages\sentence_transformers\__init__.py:3: in <module>
    from .datasets import SentencesDataset, ParallelSentencesDataset
C:\Users\Kaust\AppData\Local\Programs\Python\Python310\lib\site-packages\sentence_transformers\datasets\__init__.py:1: in <module>
    from .DenoisingAutoEncoderDataset import DenoisingAutoEncoderDataset
C:\Users\Kaust\AppData\Local\Programs\Python\Python310\lib\site-packages\sentence_transformers\datasets\DenoisingAutoEncoderDataset.py:1: in <module>
    from torch.utils.data import Dataset
C:\Users\Kaust\AppData\Local\Programs\Python\Python310\lib\site-packages\torch\__init__.py:280: in <module>
    _load_dll_libraries()
C:\Users\Kaust\AppData\Local\Programs\Python\Python310\lib\site-packages\torch\__init__.py:263: in _load_dll_libraries
    raise err
E   OSError: [WinError 1114] A dynamic link library (DLL) initialization routine failed. Error loading "C:\Users\Kaust\AppData\Local\Programs\Python\Python310\lib\site-packages\torch\lib\c10.dll" or one of its dependencies.
__________________ ERROR collecting tests/test_rag_system.py __________________
tests\test_rag_system.py:9: in <module>
    from rag.biomedical_rag import BiomedicalRAG
rag\__init__.py:5: in <module>
    from .biomedical_rag import BiomedicalRAG
rag\biomedical_rag.py:2: in <module>
    from rag.query_processor import QueryProcessor
rag\query_processor.py:2: in <module>
    from sentence_transformers import SentenceTransformer
C:\Users\Kaust\AppData\Local\Programs\Python\Python310\lib\site-packages\sentence_transformers\__init__.py:3: in <module>
    from .datasets import SentencesDataset, ParallelSentencesDataset
C:\Users\Kaust\AppData\Local\Programs\Python\Python310\lib\site-packages\sentence_transformers\datasets\__init__.py:1: in <module>
    from .DenoisingAutoEncoderDataset import DenoisingAutoEncoderDataset
C:\Users\Kaust\AppData\Local\Programs\Python\Python310\lib\site-packages\sentence_transformers\datasets\DenoisingAutoEncoderDataset.py:1: in <module>
    from torch.utils.data import Dataset
C:\Users\Kaust\AppData\Local\Programs\Python\Python310\lib\site-packages\torch\__init__.py:280: in <module>
    _load_dll_libraries()
C:\Users\Kaust\AppData\Local\Programs\Python\Python310\lib\site-packages\torch\__init__.py:263: in _load_dll_libraries
    raise err
E   OSError: [WinError 1114] A dynamic link library (DLL) initialization routine failed. Error loading "C:\Users\Kaust\AppData\Local\Programs\Python\Python310\lib\site-packages\torch\lib\c10.dll" or one of its dependencies.
============================== warnings summary ===============================
tests\test_knowledge_graph.py:17
  D:\Code\BioRAG\tests\test_knowledge_graph.py:17: PytestUnknownMarkWarning: Unknown pytest.mark.unit - is this a typo?  You can register custom marks to avoid this warning - for details, see https://docs.pytest.org/en/stable/how-to/mark.html
    @pytest.mark.unit

tests\test_knowledge_graph.py:38
  D:\Code\BioRAG\tests\test_knowledge_graph.py:38: PytestUnknownMarkWarning: Unknown pytest.mark.unit - is this a typo?  You can register custom marks to avoid this warning - for details, see https://docs.pytest.org/en/stable/how-to/mark.html
    @pytest.mark.unit

tests\test_knowledge_graph.py:44
  D:\Code\BioRAG\tests\test_knowledge_graph.py:44: PytestUnknownMarkWarning: Unknown pytest.mark.unit - is this a typo?  You can register custom marks to avoid this warning - for details, see https://docs.pytest.org/en/stable/how-to/mark.html
    @pytest.mark.unit

tests\test_knowledge_graph.py:57
  D:\Code\BioRAG\tests\test_knowledge_graph.py:57: PytestUnknownMarkWarning: Unknown pytest.mark.unit - is this a typo?  You can register custom marks to avoid this warning - for details, see https://docs.pytest.org/en/stable/how-to/mark.html
    @pytest.mark.unit

tests\test_knowledge_graph.py:81
  D:\Code\BioRAG\tests\test_knowledge_graph.py:81: PytestUnknownMarkWarning: Unknown pytest.mark.unit - is this a typo?  You can register custom marks to avoid this warning - for details, see https://docs.pytest.org/en/stable/how-to/mark.html
    @pytest.mark.unit

tests\test_knowledge_graph.py:90
  D:\Code\BioRAG\tests\test_knowledge_graph.py:90: PytestUnknownMarkWarning: Unknown pytest.mark.unit - is this a typo?  You can register custom marks to avoid this warning - for details, see https://docs.pytest.org/en/stable/how-to/mark.html
    @pytest.mark.unit

tests\test_knowledge_graph.py:112
  D:\Code\BioRAG\tests\test_knowledge_graph.py:112: PytestUnknownMarkWarning: Unknown pytest.mark.unit - is this a typo?  You can register custom marks to avoid this warning - for details, see https://docs.pytest.org/en/stable/how-to/mark.html
    @pytest.mark.unit

tests\test_knowledge_graph.py:129
  D:\Code\BioRAG\tests\test_knowledge_graph.py:129: PytestUnknownMarkWarning: Unknown pytest.mark.unit - is this a typo?  You can register custom marks to avoid this warning - for details, see https://docs.pytest.org/en/stable/how-to/mark.html
    @pytest.mark.unit

tests\test_knowledge_graph.py:139
  D:\Code\BioRAG\tests\test_knowledge_graph.py:139: PytestUnknownMarkWarning: Unknown pytest.mark.unit - is this a typo?  You can register custom marks to avoid this warning - for details, see https://docs.pytest.org/en/stable/how-to/mark.html
    @pytest.mark.unit

tests\test_knowledge_graph.py:154
  D:\Code\BioRAG\tests\test_knowledge_graph.py:154: PytestUnknownMarkWarning: Unknown pytest.mark.unit - is this a typo?  You can register custom marks to avoid this warning - for details, see https://docs.pytest.org/en/stable/how-to/mark.html
    @pytest.mark.unit

tests\test_knowledge_graph.py:163
  D:\Code\BioRAG\tests\test_knowledge_graph.py:163: PytestUnknownMarkWarning: Unknown pytest.mark.integration - is this a typo?  You can register custom marks to avoid this warning - for details, see https://docs.pytest.org/en/stable/how-to/mark.html
    @pytest.mark.integration

-- Docs: https://docs.pytest.org/en/stable/how-to/capture-warnings.html
=========================== short test summary info ===========================
ERROR tests/test_app_components.py - OSError: [WinError 1114] A dynamic link ...
ERROR tests/test_edge_cases.py - OSError: [WinError 1114] A dynamic link libr...
ERROR tests/test_performance.py - OSError: [WinError 1114] A dynamic link lib...
ERROR tests/test_rag_system.py - OSError: [WinError 1114] A dynamic link libr...
!!!!!!!!!!!!!!!!!!! Interrupted: 4 errors during collection !!!!!!!!!!!!!!!!!!!
======================= 11 warnings, 4 errors in 5.35s ========================
